// Jest Snapshot v1, https://goo.gl/fbAQLP

exports[`Custom Button Renders properly 1`] = `
<button
  className="primaryCustomButtonStyle btn btn-primary"
  disabled={false}
  type="button"
/>
`;

exports[`Error 404 Page Renders properly 1`] = `
<div
  className="errorPage"
>
  <p
    className="errorHeader"
  >
     
    <strong>
      Error 404: Page not found 
    </strong>
     
  </p>
  <p
    className="errorText"
  >
      We could not find that page. 
    <br />
    Sorry for the inconvenience.
  </p>
</div>
`;

exports[`Footer Renders properly 1`] = `
<div>
  <nav
    className="footer footerStyle siteDefaultMargin navbar navbar-expand-lg navbar-light"
  >
    <a
      className="active navbar-brand"
      href="/"
      onClick={[Function]}
      style={Object {}}
    >
      <img
        alt="we are us logo"
        className="d-inline-block align-top"
        src={
          Object {
            "ReactComponent": Object {
              "$$typeof": Symbol(react.forward_ref),
              "render": [Function],
            },
            "__esModule": true,
            "default": "we_are_us_footer_symbol.svg",
          }
        }
      />
    </a>
    <div
      className="navbar-nav"
      onKeyDown={[Function]}
    >
      <a
        className="navBarEffect nav-link"
        data-rb-event-key="/for-practitioner"
        href="/for-practitioner"
        onClick={[Function]}
        onKeyDown={[Function]}
      >
        Register As Practicioner
      </a>
      <a
        className="navBarEffect nav-link"
        data-rb-event-key="/contact-us"
        href="/contact-us"
        onClick={[Function]}
        onKeyDown={[Function]}
      >
        Contact Us
      </a>
      <a
        className="navBarEffect nav-link"
        data-rb-event-key="/terms-and-conditions"
        href="/terms-and-conditions"
        onClick={[Function]}
        onKeyDown={[Function]}
      >
        Terms And Conditions
      </a>
    </div>
    <div
      aria-expanded={null}
      className="justify-content-end navbar-collapse collapse"
    >
      <a
        className="nav-link"
        href="#"
        onClick={[Function]}
        onKeyDown={[Function]}
        role="button"
      >
        <img
          alt="facebook icon"
          src={
            Object {
              "ReactComponent": Object {
                "$$typeof": Symbol(react.forward_ref),
                "render": [Function],
              },
              "__esModule": true,
              "default": "icon_fb.svg",
            }
          }
        />
      </a>
      <a
        className="nav-link"
        href="#"
        onClick={[Function]}
        onKeyDown={[Function]}
        role="button"
      >
        <img
          alt="instagram icon"
          src={
            Object {
              "ReactComponent": Object {
                "$$typeof": Symbol(react.forward_ref),
                "render": [Function],
              },
              "__esModule": true,
              "default": "icon_insta.svg",
            }
          }
        />
      </a>
    </div>
  </nav>
</div>
`;
